// Jest Snapshot v1, https://goo.gl/fbAQLP

exports[`should return DashboardPage component 1`] = `
<div>
  Dashboard Page Boilerplate
</div>
`;
